// Jest Snapshot v1, https://goo.gl/fbAQLP

exports[`<App /> renders correctly 1`] = `
<View
  style={
    Object {
      "alignItems": "center",
      "backgroundColor": "#fff",
      "flex": 1,
      "justifyContent": "center",
    }
  }
>
  <Text>
    Zeit now & expo (React Native) Template!
  </Text>
  <Text>
    Published to Expo and Next
  </Text>
  <Text
    style={
      Object {
        "backgroundColor": "aliceblue",
        "borderRadius": 6,
        "margin": 24,
        "padding": 14,
      }
    }
  >
    Api not workign.
  </Text>
  <Image
    source={
      Object {
        "uri": "https://facebook.github.io/react-native/img/tiny_logo.png",
      }
    }
    style={
      Object {
        "height": 50,
        "width": 50,
      }
    }
  />
</View>
`;
